// Jest Snapshot v1, https://goo.gl/fbAQLP

exports[`>>> Icon --- Snapshot +++capturing Snapshot of Icon 1`] = `
<i
  className="fa fa-bug dp-icon dp-icon--s fa-rotate-90 test-class"
/>
`;
