// Jest Snapshot v1, https://goo.gl/fbAQLP

exports[`>>> Container --- Snapshot +++capturing Snapshot of Container 1`] = `
<div
  className="dp-container test-class"
>
  Test content
</div>
`;
